Running Gradle task 'assembleRelease'...                        
flutter : Warning: Flutter support for your project's Gradle version (8.12.0) will soon be dropped. Please upgrade 
your Gradle version to a version of at least 8.14.0 soon.
At line:6 char:1
+ flutter build apk --release 2>&1 | Out-File -Encoding utf8 "F:\Work\A ...
+ ~~~~~~~~~~~~~~~~~~~~~~~~~~~~~~~~
    + CategoryInfo          : NotSpecified: (Warning: Flutte...st 8.14.0 soon.:String) [], RemoteException
    + FullyQualifiedErrorId : NativeCommandError
 
Alternatively, use the flag "--android-skip-build-dependency-validation" to bypass this check.

Potential fix: Your project's gradle version is typically defined in the gradle wrapper file. By default, this can be 
found at F:\Work\Abasyn Project\agro_eye\android/gradle/wrapper/gradle-wrapper.properties. 
For more information, see https://docs.gradle.org/current/userguide/gradle_wrapper.html.

Warning: Flutter support for your project's Android Gradle Plugin version (Android Gradle Plugin version 8.7.3) will 
soon be dropped. Please upgrade your Android Gradle Plugin version to a version of at least Android Gradle Plugin 
version 8.11.1 soon.
Alternatively, use the flag "--android-skip-build-dependency-validation" to bypass this check.

Potential fix: Your project's AGP version is typically defined in the plugins block of the `settings.gradle` file 
(F:\Work\Abasyn Project\agro_eye\android/settings.gradle), by a plugin with the id of com.android.application. 
If you don't see a plugins block, your project was likely created with an older template version. In this case it is 
most likely defined in the top-level build.gradle file (F:\Work\Abasyn Project\agro_eye\android/build.gradle) by the 
following line in the dependencies block of the buildscript: "classpath 'com.android.tools.build:gradle:<version>'".

Warning: Flutter support for your project's Kotlin version (2.1.0) will soon be dropped. Please upgrade your Kotlin 
version to a version of at least 2.2.20 soon.
Alternatively, use the flag "--android-skip-build-dependency-validation" to bypass this check.

Potential fix: Your project's KGP version is typically defined in the plugins block of the `settings.gradle` file 
(F:\Work\Abasyn Project\agro_eye\android/settings.gradle), by a plugin with the id of org.jetbrains.kotlin.android. 
If you don't see a plugins block, your project was likely created with an older template version, in which case it is 
most likely defined in the top-level build.gradle file (F:\Work\Abasyn Project\agro_eye\android/build.gradle) by the 
ext.kotlin_version property.

WARNING: Your Android app project: app located at: F:\Work\Abasyn Project\agro_eye\android\app\build.gradle.kts
applies the Kotlin Gradle Plugin, which will cause build failures in future versions of Flutter. 
Please migrate your app to Built-in Kotlin using this guide: 
https://docs.flutter.dev/release/breaking-changes/migrate-to-built-in-kotlin/for-app-developers

WARNING: Your app uses the following plugins that apply Kotlin Gradle Plugin (KGP): shared_preferences_android
Future versions of Flutter will fail to build if your app uses plugins that apply KGP.

Please check the changelogs of these plugins and upgrade to a version that supports Built-in Kotlin.
If no such version exists, report the issue to the plugin. If necessary, here is a guide on filing 
an issue against a plugin: https://docs.flutter.dev/release/breaking-changes/migrate-to-built-in-kotlin/for-app-develop
ers#report-incompatible-kotlin-gradle-plugin-usage-to-plugin-authors

If you are a plugin author, please migrate your plugin to Built-in Kotlin using this guide: 
https://docs.flutter.dev/release/breaking-changes/migrate-to-built-in-kotlin/for-plugin-authors
Font asset "MaterialIcons-Regular.otf" was tree-shaken, reducing it from 1645184 to 2896 bytes (99.8% reduction). Tree-shaking can be disabled by providing the --no-tree-shake-icons flag when building your app.
Font asset "CupertinoIcons.ttf" was tree-shaken, reducing it from 257628 to 3040 bytes (98.8% reduction). Tree-shaking can be disabled by providing the --no-tree-shake-icons flag when building your app.
Running Gradle task 'assembleRelease'...                           33.2s
√ Built build\app\outputs\flutter-apk\app-release.apk (97.8MB)
