Device: cuda | Backbone: EfficientNet-B0
Per class:
   2223  Apple Scab
    621  Apple Black Rot
   1881  Apple Cedar Rust
    571  Apple Black Spot
   1200  Apple Brown Spot
   3818  Apple Healthy
   1259  Grape Black Rot
   1200  Grape Esca
   1076  Grape Leaf Blight
   1200  Grape Anthracnose
    800  Grape Brown Spot
   1745  Grape Downy Mildew
    625  Grape Mites
   1606  Grape Powdery Mildew
   1065  Grape Shot Hole
   2952  Grape Healthy
Total: 23842
Resumed from checkpoint (val 96.90%)
Epoch 1/12 loss=0.697 train=96.0% val=96.37%
Epoch 2/12 loss=0.721 train=95.3% val=96.31%
Epoch 3/12 loss=0.726 train=94.8% val=97.37%
  saved; per-class: 98 100 98 100 100 98 99 100 100 98 100 90 100 92 99 97
Epoch 4/12 loss=0.697 train=95.6% val=97.04%
Epoch 5/12 loss=0.667 train=96.7% val=98.24%
  saved; per-class: 99 100 97 100 100 98 99 100 99 96 100 98 100 92 99 99
Epoch 6/12 loss=0.651 train=97.3% val=98.21%
Epoch 7/12 loss=0.635 train=97.9% val=98.77%
  saved; per-class: 98 100 99 100 99 99 99 100 99 100 100 98 100 96 100 98
Epoch 8/12 loss=0.622 train=98.2% val=98.66%
Epoch 9/12 loss=0.609 train=98.8% val=99.05%
  saved; per-class: 98 100 98 100 100 99 99 100 100 99 100 99 100 97 100 99
Epoch 10/12 loss=0.600 train=98.9% val=99.05%
  saved; per-class: 98 100 98 100 100 99 99 100 100 100 100 98 100 98 100 99
Epoch 11/12 loss=0.598 train=99.0% val=99.22%
  saved; per-class: 98 100 99 100 100 99 99 100 100 99 100 100 100 97 100 99
