F:\Work\Abasyn Project\agro_eye\train_disease_v2.py:195: FutureWarning: You are using `torch.load` with `weights_only=False` (the current default value), which uses the default pickle module implicitly. It is possible to construct malicious pickle data which will execute arbitrary code during unpickling (See https://github.com/pytorch/pytorch/blob/main/SECURITY.md#untrusted-models for more details). In a future release, the default value for `weights_only` will be flipped to `True`. This limits the functions that could be executed during unpickling. Arbitrary objects will no longer be allowed to be loaded via this mode unless they are explicitly allowlisted by the user via `torch.serialization.add_safe_globals`. We recommend you start setting `weights_only=True` for any use case where you don't have full control of the loaded file. Please open an issue on GitHub for any issues related to this experimental feature.
  ckpt = torch.load(CKPT_PATH, map_location="cpu"); model.load_state_dict(ckpt["model_state_dict"])
Device: cuda
class                         PV   PD(unique)  total
  Apple Scab               630        93     1095
  Apple Black Rot          621         0      621
  Apple Cedar Rust         275       106      805
  Apple Healthy           1200        88     1640
  Grape Black Rot         1180        79     1575
  Grape Esca              1200         0     1200
  Grape Leaf Blight       1076         0     1076
  Grape Healthy            423        75      798
Epoch 1/15  loss=1.1360  train_acc=71.78%  val_acc=93.04%
  saved best (93.04%)  per-class: Scab=83 Rot=100 Rust=79 Heal=96 Rot=90 Esca=99 Blig=98 Heal=98
Epoch 2/15  loss=0.6402  train_acc=94.32%  val_acc=92.89%
Epoch 3/15  loss=0.5749  train_acc=96.79%  val_acc=97.66%
  saved best (97.66%)  per-class: Scab=97 Rot=95 Rust=100 Heal=100 Rot=95 Esca=100 Blig=95 Heal=99
Epoch 4/15  loss=0.5632  train_acc=96.75%  val_acc=99.02%
  saved best (99.02%)  per-class: Scab=96 Rot=100 Rust=100 Heal=99 Rot=98 Esca=100 Blig=100 Heal=100
Epoch 5/15  loss=0.5316  train_acc=98.08%  val_acc=98.64%
Epoch 6/15  loss=0.5204  train_acc=98.34%  val_acc=98.79%
Epoch 7/15  loss=0.5133  train_acc=98.60%  val_acc=99.24%
  saved best (99.24%)  per-class: Scab=100 Rot=100 Rust=100 Heal=100 Rot=97 Esca=100 Blig=99 Heal=100
Epoch 8/15  loss=0.5090  train_acc=98.80%  val_acc=99.62%
  saved best (99.62%)  per-class: Scab=100 Rot=100 Rust=98 Heal=100 Rot=100 Esca=100 Blig=100 Heal=98
Epoch 9/15  loss=0.4962  train_acc=99.39%  val_acc=99.92%
  saved best (99.92%)  per-class: Scab=100 Rot=100 Rust=100 Heal=100 Rot=100 Esca=100 Blig=100 Heal=100
Epoch 10/15  loss=0.4920  train_acc=99.41%  val_acc=99.85%
Epoch 11/15  loss=0.4873  train_acc=99.67%  val_acc=99.92%
  saved best (99.92%)  per-class: Scab=100 Rot=100 Rust=100 Heal=100 Rot=100 Esca=100 Blig=100 Heal=100
Epoch 12/15  loss=0.4861  train_acc=99.45%  val_acc=100.00%
  saved best (100.00%)  per-class: Scab=100 Rot=100 Rust=100 Heal=100 Rot=100 Esca=100 Blig=100 Heal=100
Epoch 13/15  loss=0.4822  train_acc=99.68%  val_acc=100.00%
  saved best (100.00%)  per-class: Scab=100 Rot=100 Rust=100 Heal=100 Rot=100 Esca=100 Blig=100 Heal=100
Epoch 14/15  loss=0.4825  train_acc=99.67%  val_acc=100.00%
  saved best (100.00%)  per-class: Scab=100 Rot=100 Rust=100 Heal=100 Rot=100 Esca=100 Blig=100 Heal=100
Epoch 15/15  loss=0.4823  train_acc=99.73%  val_acc=100.00%
  saved best (100.00%)  per-class: Scab=100 Rot=100 Rust=100 Heal=100 Rot=100 Esca=100 Blig=100 Heal=100

Best val acc: 100.00%
ONNX exported: F:\Work\Abasyn Project\agro_eye\output_disease\best_disease.onnx
Done. Next: run convert_disease.py in the py311_ml env.
