Device: cuda
apple=5000 grape=5000 other=4880 (other groups=95)
Epoch 1/12 loss=0.557 train=80.7% val=89.70% recall[apple/grape/other]=81.4/94.8/92.6
  saved best (89.70%)
Epoch 2/12 loss=0.359 train=91.4% val=94.53% recall[apple/grape/other]=95.4/99.1/88.9
  saved best (94.53%)
Epoch 3/12 loss=0.311 train=94.0% val=96.28% recall[apple/grape/other]=95.2/98.7/94.8
  saved best (96.28%)
Epoch 4/12 loss=0.292 train=94.8% val=96.64% recall[apple/grape/other]=95.1/97.8/97.0
  saved best (96.64%)
Epoch 5/12 loss=0.274 train=95.5% val=96.19% recall[apple/grape/other]=95.0/96.5/97.1
Epoch 6/12 loss=0.257 train=96.4% val=96.42% recall[apple/grape/other]=93.9/99.0/96.3
Epoch 7/12 loss=0.240 train=97.2% val=97.31% recall[apple/grape/other]=96.3/98.2/97.4
  saved best (97.31%)
Epoch 8/12 loss=0.225 train=97.7% val=97.85% recall[apple/grape/other]=97.1/98.0/98.4
  saved best (97.85%)
Epoch 9/12 loss=0.217 train=98.0% val=98.70% recall[apple/grape/other]=98.9/99.1/98.1
  saved best (98.70%)
Epoch 10/12 loss=0.209 train=98.4% val=98.88% recall[apple/grape/other]=98.5/99.1/99.0
  saved best (98.88%)
Epoch 11/12 loss=0.204 train=98.6% val=98.92% recall[apple/grape/other]=98.8/99.3/98.6
  saved best (98.92%)
Epoch 12/12 loss=0.205 train=98.7% val=98.84% recall[apple/grape/other]=98.6/99.3/98.5

Best val acc: 98.92%
F:\Work\Abasyn Project\agro_eye\train_crop_scope_v3.py:173: FutureWarning: You are using `torch.load` with `weights_only=False` (the current default value), which uses the default pickle module implicitly. It is possible to construct malicious pickle data which will execute arbitrary code during unpickling (See https://github.com/pytorch/pytorch/blob/main/SECURITY.md#untrusted-models for more details). In a future release, the default value for `weights_only` will be flipped to `True`. This limits the functions that could be executed during unpickling. Arbitrary objects will no longer be allowed to be loaded via this mode unless they are explicitly allowlisted by the user via `torch.serialization.add_safe_globals`. We recommend you start setting `weights_only=True` for any use case where you don't have full control of the loaded file. Please open an issue on GitHub for any issues related to this experimental feature.
  ck = torch.load(CKPT_PATH, map_location="cpu"); m.load_state_dict(ck["model_state_dict"]); export_onnx(m)
ONNX exported: F:\Work\Abasyn Project\agro_eye\output_crop_scope\best_crop_scope.onnx
Done -> convert_crop_scope.py
