F:\Work\Abasyn Project\agro_eye\train_crop_scope_v2.py:184: FutureWarning: You are using `torch.load` with `weights_only=False` (the current default value), which uses the default pickle module implicitly. It is possible to construct malicious pickle data which will execute arbitrary code during unpickling (See https://github.com/pytorch/pytorch/blob/main/SECURITY.md#untrusted-models for more details). In a future release, the default value for `weights_only` will be flipped to `True`. This limits the functions that could be executed during unpickling. Arbitrary objects will no longer be allowed to be loaded via this mode unless they are explicitly allowlisted by the user via `torch.serialization.add_safe_globals`. We recommend you start setting `weights_only=True` for any use case where you don't have full control of the loaded file. Please open an issue on GitHub for any issues related to this experimental feature.
  ckpt = torch.load(CKPT_PATH, map_location="cpu"); model.load_state_dict(ckpt["model_state_dict"])
Device: cuda
PV apple/grape: 7233 | PlantDoc apple/grape: 441 (x4)
PV other: 47072 | PlantDoc other: 2481
Balanced -> apple_grape: 4264  other: 4264
Epoch 1/12  loss=0.3921  train_acc=84.34%  val_acc=85.78%  recall[apple_grape]=99.19%  recall[other]=73.30%
  saved best (85.78%)
Epoch 2/12  loss=0.2618  train_acc=92.94%  val_acc=96.72%  recall[apple_grape]=97.41%  recall[other]=96.08%
  saved best (96.72%)
Epoch 3/12  loss=0.2175  train_acc=95.28%  val_acc=95.62%  recall[apple_grape]=93.68%  recall[other]=97.44%
Epoch 4/12  loss=0.1997  train_acc=96.12%  val_acc=94.61%  recall[apple_grape]=89.30%  recall[other]=99.55%
Epoch 5/12  loss=0.1909  train_acc=96.55%  val_acc=96.95%  recall[apple_grape]=94.65%  recall[other]=99.10%
  saved best (96.95%)
Epoch 6/12  loss=0.1700  train_acc=97.56%  val_acc=98.12%  recall[apple_grape]=97.24%  recall[other]=98.94%
  saved best (98.12%)
Epoch 7/12  loss=0.1629  train_acc=97.93%  val_acc=98.59%  recall[apple_grape]=98.70%  recall[other]=98.49%
  saved best (98.59%)
Epoch 8/12  loss=0.1579  train_acc=98.07%  val_acc=98.75%  recall[apple_grape]=98.70%  recall[other]=98.79%
  saved best (98.75%)
Epoch 9/12  loss=0.1467  train_acc=98.74%  val_acc=98.98%  recall[apple_grape]=98.70%  recall[other]=99.25%
  saved best (98.98%)
Epoch 10/12  loss=0.1419  train_acc=99.09%  val_acc=99.22%  recall[apple_grape]=99.35%  recall[other]=99.10%
  saved best (99.22%)
Epoch 11/12  loss=0.1399  train_acc=99.14%  val_acc=99.38%  recall[apple_grape]=99.35%  recall[other]=99.40%
  saved best (99.38%)
Epoch 12/12  loss=0.1376  train_acc=99.14%  val_acc=99.38%  recall[apple_grape]=99.35%  recall[other]=99.40%
  saved best (99.38%)

Best val acc: 99.38%
ONNX exported: F:\Work\Abasyn Project\agro_eye\output_crop_scope\best_crop_scope.onnx
Done. Next: run convert_crop_scope.py in the py311_ml env.
