F:\Work\Abasyn Project\agro_eye\train_disease_v4.py:183: FutureWarning: You are using `torch.load` with `weights_only=False` (the current default value), which uses the default pickle module implicitly. It is possible to construct malicious pickle data which will execute arbitrary code during unpickling (See https://github.com/pytorch/pytorch/blob/main/SECURITY.md#untrusted-models for more details). In a future release, the default value for `weights_only` will be flipped to `True`. This limits the functions that could be executed during unpickling. Arbitrary objects will no longer be allowed to be loaded via this mode unless they are explicitly allowlisted by the user via `torch.serialization.add_safe_globals`. We recommend you start setting `weights_only=True` for any use case where you don't have full control of the loaded file. Please open an issue on GitHub for any issues related to this experimental feature.
  ck = torch.load(CKPT_PATH, map_location="cpu"); m.load_state_dict(ck["model_state_dict"]); export_onnx(m)
Device: cuda
Per class:
    723  Apple Scab
    621  Apple Black Rot
    381  Apple Cedar Rust
    571  Apple Black Spot
   1200  Apple Brown Spot
   2318  Apple Healthy
   1259  Grape Black Rot
   1200  Grape Esca
   1076  Grape Leaf Blight
   1200  Grape Anthracnose
    800  Grape Brown Spot
    779  Grape Downy Mildew
    625  Grape Mites
   1200  Grape Powdery Mildew
   1065  Grape Shot Hole
   1698  Grape Healthy
Total: 16716
Epoch 1/18 loss=1.403 train=70.6% val=90.27%
  saved; per-class: 58 100 90 100 100 99 86 99 98 98 88 76 100 84 97 68
Epoch 2/18 loss=0.805 train=92.6% val=94.02%
  saved; per-class: 90 99 93 100 100 99 91 100 91 96 84 73 100 83 99 96
Epoch 3/18 loss=0.747 train=94.2% val=95.81%
  saved; per-class: 95 97 85 100 100 98 93 99 100 85 90 87 100 95 100 97
Epoch 4/18 loss=0.706 train=95.4% val=96.01%
  saved; per-class: 89 100 100 100 100 95 99 97 96 91 92 96 100 88 100 98
Epoch 5/18 loss=0.686 train=96.2% val=96.45%
  saved; per-class: 96 100 97 100 100 100 95 99 100 72 98 94 100 97 98 96
Epoch 6/18 loss=0.676 train=96.6% val=96.61%
  saved; per-class: 91 100 98 100 100 98 92 100 100 100 94 98 100 80 100 96
Epoch 7/18 loss=0.663 train=97.0% val=97.21%
  saved; per-class: 95 100 92 100 100 99 94 100 100 88 98 92 100 97 99 97
Epoch 8/18 loss=0.654 train=97.2% val=97.69%
  saved; per-class: 88 100 97 100 100 100 96 99 100 98 99 94 100 94 97 98
Epoch 9/18 loss=0.640 train=97.6% val=98.96%
  saved; per-class: 96 100 95 100 100 100 97 100 100 99 99 100 100 97 100 97
Epoch 10/18 loss=0.626 train=98.2% val=98.29%
Epoch 11/18 loss=0.618 train=98.5% val=98.72%
Epoch 12/18 loss=0.611 train=98.7% val=98.84%
Epoch 13/18 loss=0.603 train=99.0% val=98.92%
Epoch 14/18 loss=0.599 train=99.1% val=99.08%
  saved; per-class: 96 100 95 100 100 100 97 100 100 99 100 100 100 97 100 99
Epoch 15/18 loss=0.595 train=99.2% val=99.24%
  saved; per-class: 96 100 93 100 100 100 98 100 100 99 100 100 100 98 100 100
Epoch 16/18 loss=0.592 train=99.4% val=99.44%
  saved; per-class: 97 100 95 100 100 100 98 100 100 100 100 100 100 99 100 100
Epoch 17/18 loss=0.593 train=99.3% val=99.48%
  saved; per-class: 97 100 95 100 100 100 98 100 100 100 100 100 100 99 100 100
Epoch 18/18 loss=0.591 train=99.3% val=99.48%
  saved; per-class: 97 100 95 100 100 100 98 100 100 100 100 100 100 99 100 100

Best val acc: 99.48%
ONNX exported: F:\Work\Abasyn Project\agro_eye\output_disease\best_disease.onnx
Done -> convert_disease.py
